{
  "api": "openai-completions",
  "apiKey": "local",
  "baseUrl": "http://127.0.0.1:11435/v1",
  "compat": {
    "supportsStore": false,
    "supportsDeveloperRole": false,
    "supportsReasoningEffort": false,
    "supportsUsageInStreaming": true,
    "supportsStrictMode": false,
    "maxTokensField": "max_tokens",
    "thinkingFormat": "qwen-chat-template"
  },
  "models": [
    {
      "id": "gemma4-26b-iq4xs-64k",
      "name": "gemma4-26b-iq4xs-64k (unverified)",
      "reasoning": true,
      "input": [
        "text"
      ],
      "contextWindow": 65536,
      "maxTokens": 16384
    },
    {
      "id": "other",
      "name": "other",
      "reasoning": false,
      "input": [
        "text"
      ],
      "contextWindow": 8192,
      "maxTokens": 2048
    }
  ]
}
